-- The C compiler identification is GNU 11.4.0
-- The CXX compiler identification is GNU 11.4.0
-- Detecting C compiler ABI info
-- Detecting C compiler ABI info - done
-- Check for working C compiler: /usr/bin/cc - skipped
-- Detecting C compile features
-- Detecting C compile features - done
-- Detecting CXX compiler ABI info
-- Detecting CXX compiler ABI info - done
-- Check for working CXX compiler: /usr/bin/c++ - skipped
-- Detecting CXX compile features
-- Detecting CXX compile features - done
-- Found ament_cmake: 1.3.14 (/opt/ros/humble/share/ament_cmake/cmake)
-- Found Python3: /usr/bin/python3 (found version "3.10.12") found components: Interpreter 
-- Override CMake install command with custom implementation using symlinks instead of copying resources
-- Found fs_msgs: 0.1.1 (/home/satvara/Github/Autonomous-kart-Sim/FSDS/ros2/install/fs_msgs/share/fs_msgs/cmake)
-- Found rosidl_generator_c: 3.1.9 (/opt/ros/humble/share/rosidl_generator_c/cmake)
-- Found rosidl_adapter: 3.1.9 (/opt/ros/humble/share/rosidl_adapter/cmake)
-- Found rosidl_generator_cpp: 3.1.9 (/opt/ros/humble/share/rosidl_generator_cpp/cmake)
-- Using all available rosidl_typesupport_c: rosidl_typesupport_fastrtps_c;rosidl_typesupport_introspection_c
-- Using all available rosidl_typesupport_cpp: rosidl_typesupport_fastrtps_cpp;rosidl_typesupport_introspection_cpp
-- Found rclcpp: 16.0.19 (/opt/ros/humble/share/rclcpp/cmake)
-- Found rmw_implementation_cmake: 6.1.2 (/opt/ros/humble/share/rmw_implementation_cmake/cmake)
-- Found rmw_fastrtps_cpp: 6.2.10 (/opt/ros/humble/share/rmw_fastrtps_cpp/cmake)
-- Found OpenSSL: /usr/lib/x86_64-linux-gnu/libcrypto.so (found version "3.0.2")  
-- Found FastRTPS: /opt/ros/humble/include  
-- Using RMW implementation 'rmw_fastrtps_cpp' as default
-- Looking for pthread.h
-- Looking for pthread.h - found
-- Performing Test CMAKE_HAVE_LIBC_PTHREAD
-- Performing Test CMAKE_HAVE_LIBC_PTHREAD - Success
-- Found Threads: TRUE  
-- Found X11: /usr/include   
-- Looking for XOpenDisplay in /usr/lib/x86_64-linux-gnu/libX11.so;/usr/lib/x86_64-linux-gnu/libXext.so
-- Looking for XOpenDisplay in /usr/lib/x86_64-linux-gnu/libX11.so;/usr/lib/x86_64-linux-gnu/libXext.so - found
-- Looking for gethostbyname
-- Looking for gethostbyname - found
-- Looking for connect
-- Looking for connect - found
-- Looking for remove
-- Looking for remove - found
-- Looking for shmat
-- Looking for shmat - found
-- Looking for IceConnectionNumber in ICE
-- Looking for IceConnectionNumber in ICE - found
-- Configuring done
-- Generating done
-- Build files have been written to: /home/satvara/Github/fsds-autonomous-driving/build/fsds_keyboard_teleop
[ 50%] [32mBuilding CXX object CMakeFiles/keyboard_teleop.dir/src/keyboard_teleop.cpp.o[0m
[100%] [32m[1mLinking CXX executable keyboard_teleop[0m
[100%] Built target keyboard_teleop
-- Install configuration: ""
-- Execute custom install script
-- Symlinking: /home/satvara/Github/fsds-autonomous-driving/install/fsds_keyboard_teleop/lib/fsds_keyboard_teleop/keyboard_teleop
-- Symlinking: /home/satvara/Github/fsds-autonomous-driving/install/fsds_keyboard_teleop/share/fsds_keyboard_teleop/README.md
-- Symlinking: /home/satvara/Github/fsds-autonomous-driving/install/fsds_keyboard_teleop/share/ament_index/resource_index/package_run_dependencies/fsds_keyboard_teleop
-- Symlinking: /home/satvara/Github/fsds-autonomous-driving/install/fsds_keyboard_teleop/share/ament_index/resource_index/parent_prefix_path/fsds_keyboard_teleop
-- Symlinking: /home/satvara/Github/fsds-autonomous-driving/install/fsds_keyboard_teleop/share/fsds_keyboard_teleop/environment/ament_prefix_path.sh
-- Symlinking: /home/satvara/Github/fsds-autonomous-driving/install/fsds_keyboard_teleop/share/fsds_keyboard_teleop/environment/ament_prefix_path.dsv
-- Symlinking: /home/satvara/Github/fsds-autonomous-driving/install/fsds_keyboard_teleop/share/fsds_keyboard_teleop/environment/path.sh
-- Symlinking: /home/satvara/Github/fsds-autonomous-driving/install/fsds_keyboard_teleop/share/fsds_keyboard_teleop/environment/path.dsv
-- Symlinking: /home/satvara/Github/fsds-autonomous-driving/install/fsds_keyboard_teleop/share/fsds_keyboard_teleop/local_setup.bash
-- Symlinking: /home/satvara/Github/fsds-autonomous-driving/install/fsds_keyboard_teleop/share/fsds_keyboard_teleop/local_setup.sh
-- Symlinking: /home/satvara/Github/fsds-autonomous-driving/install/fsds_keyboard_teleop/share/fsds_keyboard_teleop/local_setup.zsh
-- Symlinking: /home/satvara/Github/fsds-autonomous-driving/install/fsds_keyboard_teleop/share/fsds_keyboard_teleop/local_setup.dsv
-- Symlinking: /home/satvara/Github/fsds-autonomous-driving/install/fsds_keyboard_teleop/share/fsds_keyboard_teleop/package.dsv
-- Symlinking: /home/satvara/Github/fsds-autonomous-driving/install/fsds_keyboard_teleop/share/ament_index/resource_index/packages/fsds_keyboard_teleop
-- Symlinking: /home/satvara/Github/fsds-autonomous-driving/install/fsds_keyboard_teleop/share/fsds_keyboard_teleop/cmake/fsds_keyboard_teleopConfig.cmake
-- Symlinking: /home/satvara/Github/fsds-autonomous-driving/install/fsds_keyboard_teleop/share/fsds_keyboard_teleop/cmake/fsds_keyboard_teleopConfig-version.cmake
-- Symlinking: /home/satvara/Github/fsds-autonomous-driving/install/fsds_keyboard_teleop/share/fsds_keyboard_teleop/package.xml
