[0.014s] Invoking command in '/home/satvara/Github/fsds-autonomous-driving/build/fsds_keyboard_teleop': CMAKE_PREFIX_PATH=${CMAKE_PREFIX_PATH}:/opt/ros/humble DEBUGINFOD_URLS=https://debuginfod.archlinux.org /usr/bin/cmake /home/satvara/Github/fsds-autonomous-driving/cpp/fsds_keyboard_teleop -DAMENT_CMAKE_SYMLINK_INSTALL=1 -DCMAKE_INSTALL_PREFIX=/home/satvara/Github/fsds-autonomous-driving/install/fsds_keyboard_teleop
[0.068s] -- The C compiler identification is GNU 11.4.0
[0.114s] -- The CXX compiler identification is GNU 11.4.0
[0.121s] -- Detecting C compiler ABI info
[0.178s] -- Detecting C compiler ABI info - done
[0.188s] -- Check for working C compiler: /usr/bin/cc - skipped
[0.189s] -- Detecting C compile features
[0.189s] -- Detecting C compile features - done
[0.193s] -- Detecting CXX compiler ABI info
[0.283s] -- Detecting CXX compiler ABI info - done
[0.291s] -- Check for working CXX compiler: /usr/bin/c++ - skipped
[0.291s] -- Detecting CXX compile features
[0.292s] -- Detecting CXX compile features - done
[0.296s] -- Found ament_cmake: 1.3.14 (/opt/ros/humble/share/ament_cmake/cmake)
[0.442s] -- Found Python3: /usr/bin/python3 (found version "3.10.12") found components: Interpreter 
[0.498s] -- Override CMake install command with custom implementation using symlinks instead of copying resources
[0.525s] -- Found fs_msgs: 0.1.1 (/home/satvara/Github/Autonomous-kart-Sim/FSDS/ros2/install/fs_msgs/share/fs_msgs/cmake)
[0.569s] -- Found rosidl_generator_c: 3.1.9 (/opt/ros/humble/share/rosidl_generator_c/cmake)
[0.575s] -- Found rosidl_adapter: 3.1.9 (/opt/ros/humble/share/rosidl_adapter/cmake)
[0.586s] -- Found rosidl_generator_cpp: 3.1.9 (/opt/ros/humble/share/rosidl_generator_cpp/cmake)
[0.601s] -- Using all available rosidl_typesupport_c: rosidl_typesupport_fastrtps_c;rosidl_typesupport_introspection_c
[0.620s] -- Using all available rosidl_typesupport_cpp: rosidl_typesupport_fastrtps_cpp;rosidl_typesupport_introspection_cpp
[0.676s] -- Found rclcpp: 16.0.19 (/opt/ros/humble/share/rclcpp/cmake)
[0.716s] -- Found rmw_implementation_cmake: 6.1.2 (/opt/ros/humble/share/rmw_implementation_cmake/cmake)
[0.719s] -- Found rmw_fastrtps_cpp: 6.2.10 (/opt/ros/humble/share/rmw_fastrtps_cpp/cmake)
[0.824s] -- Found OpenSSL: /usr/lib/x86_64-linux-gnu/libcrypto.so (found version "3.0.2")  
[0.865s] -- Found FastRTPS: /opt/ros/humble/include  
[0.938s] -- Using RMW implementation 'rmw_fastrtps_cpp' as default
[0.946s] -- Looking for pthread.h
[1.014s] -- Looking for pthread.h - found
[1.014s] -- Performing Test CMAKE_HAVE_LIBC_PTHREAD
[1.098s] -- Performing Test CMAKE_HAVE_LIBC_PTHREAD - Success
[1.099s] -- Found Threads: TRUE  
[1.219s] -- Found X11: /usr/include   
[1.219s] -- Looking for XOpenDisplay in /usr/lib/x86_64-linux-gnu/libX11.so;/usr/lib/x86_64-linux-gnu/libXext.so
[1.296s] -- Looking for XOpenDisplay in /usr/lib/x86_64-linux-gnu/libX11.so;/usr/lib/x86_64-linux-gnu/libXext.so - found
[1.296s] -- Looking for gethostbyname
[1.365s] -- Looking for gethostbyname - found
[1.366s] -- Looking for connect
[1.432s] -- Looking for connect - found
[1.433s] -- Looking for remove
[1.494s] -- Looking for remove - found
[1.494s] -- Looking for shmat
[1.572s] -- Looking for shmat - found
[1.572s] -- Looking for IceConnectionNumber in ICE
[1.642s] -- Looking for IceConnectionNumber in ICE - found
[1.713s] -- Configuring done
[1.723s] -- Generating done
[1.727s] -- Build files have been written to: /home/satvara/Github/fsds-autonomous-driving/build/fsds_keyboard_teleop
[1.737s] Invoked command in '/home/satvara/Github/fsds-autonomous-driving/build/fsds_keyboard_teleop' returned '0': CMAKE_PREFIX_PATH=${CMAKE_PREFIX_PATH}:/opt/ros/humble DEBUGINFOD_URLS=https://debuginfod.archlinux.org /usr/bin/cmake /home/satvara/Github/fsds-autonomous-driving/cpp/fsds_keyboard_teleop -DAMENT_CMAKE_SYMLINK_INSTALL=1 -DCMAKE_INSTALL_PREFIX=/home/satvara/Github/fsds-autonomous-driving/install/fsds_keyboard_teleop
[1.740s] Invoking command in '/home/satvara/Github/fsds-autonomous-driving/build/fsds_keyboard_teleop': CMAKE_PREFIX_PATH=${CMAKE_PREFIX_PATH}:/opt/ros/humble DEBUGINFOD_URLS=https://debuginfod.archlinux.org /usr/bin/cmake --build /home/satvara/Github/fsds-autonomous-driving/build/fsds_keyboard_teleop -- -j16 -l16
[1.784s] [ 50%] [32mBuilding CXX object CMakeFiles/keyboard_teleop.dir/src/keyboard_teleop.cpp.o[0m
[6.470s] [100%] [32m[1mLinking CXX executable keyboard_teleop[0m
[6.675s] [100%] Built target keyboard_teleop
[6.688s] Invoked command in '/home/satvara/Github/fsds-autonomous-driving/build/fsds_keyboard_teleop' returned '0': CMAKE_PREFIX_PATH=${CMAKE_PREFIX_PATH}:/opt/ros/humble DEBUGINFOD_URLS=https://debuginfod.archlinux.org /usr/bin/cmake --build /home/satvara/Github/fsds-autonomous-driving/build/fsds_keyboard_teleop -- -j16 -l16
[6.700s] Invoking command in '/home/satvara/Github/fsds-autonomous-driving/build/fsds_keyboard_teleop': CMAKE_PREFIX_PATH=${CMAKE_PREFIX_PATH}:/opt/ros/humble DEBUGINFOD_URLS=https://debuginfod.archlinux.org /usr/bin/cmake --install /home/satvara/Github/fsds-autonomous-driving/build/fsds_keyboard_teleop
[6.706s] -- Install configuration: ""
[6.706s] -- Execute custom install script
[6.707s] -- Symlinking: /home/satvara/Github/fsds-autonomous-driving/install/fsds_keyboard_teleop/lib/fsds_keyboard_teleop/keyboard_teleop
[6.714s] -- Symlinking: /home/satvara/Github/fsds-autonomous-driving/install/fsds_keyboard_teleop/share/fsds_keyboard_teleop/README.md
[6.722s] -- Symlinking: /home/satvara/Github/fsds-autonomous-driving/install/fsds_keyboard_teleop/share/ament_index/resource_index/package_run_dependencies/fsds_keyboard_teleop
[6.732s] -- Symlinking: /home/satvara/Github/fsds-autonomous-driving/install/fsds_keyboard_teleop/share/ament_index/resource_index/parent_prefix_path/fsds_keyboard_teleop
[6.739s] -- Symlinking: /home/satvara/Github/fsds-autonomous-driving/install/fsds_keyboard_teleop/share/fsds_keyboard_teleop/environment/ament_prefix_path.sh
[6.746s] -- Symlinking: /home/satvara/Github/fsds-autonomous-driving/install/fsds_keyboard_teleop/share/fsds_keyboard_teleop/environment/ament_prefix_path.dsv
[6.754s] -- Symlinking: /home/satvara/Github/fsds-autonomous-driving/install/fsds_keyboard_teleop/share/fsds_keyboard_teleop/environment/path.sh
[6.762s] -- Symlinking: /home/satvara/Github/fsds-autonomous-driving/install/fsds_keyboard_teleop/share/fsds_keyboard_teleop/environment/path.dsv
[6.769s] -- Symlinking: /home/satvara/Github/fsds-autonomous-driving/install/fsds_keyboard_teleop/share/fsds_keyboard_teleop/local_setup.bash
[6.776s] -- Symlinking: /home/satvara/Github/fsds-autonomous-driving/install/fsds_keyboard_teleop/share/fsds_keyboard_teleop/local_setup.sh
[6.784s] -- Symlinking: /home/satvara/Github/fsds-autonomous-driving/install/fsds_keyboard_teleop/share/fsds_keyboard_teleop/local_setup.zsh
[6.792s] -- Symlinking: /home/satvara/Github/fsds-autonomous-driving/install/fsds_keyboard_teleop/share/fsds_keyboard_teleop/local_setup.dsv
[6.801s] -- Symlinking: /home/satvara/Github/fsds-autonomous-driving/install/fsds_keyboard_teleop/share/fsds_keyboard_teleop/package.dsv
[6.809s] -- Symlinking: /home/satvara/Github/fsds-autonomous-driving/install/fsds_keyboard_teleop/share/ament_index/resource_index/packages/fsds_keyboard_teleop
[6.817s] -- Symlinking: /home/satvara/Github/fsds-autonomous-driving/install/fsds_keyboard_teleop/share/fsds_keyboard_teleop/cmake/fsds_keyboard_teleopConfig.cmake
[6.825s] -- Symlinking: /home/satvara/Github/fsds-autonomous-driving/install/fsds_keyboard_teleop/share/fsds_keyboard_teleop/cmake/fsds_keyboard_teleopConfig-version.cmake
[6.834s] -- Symlinking: /home/satvara/Github/fsds-autonomous-driving/install/fsds_keyboard_teleop/share/fsds_keyboard_teleop/package.xml
[6.848s] Invoked command in '/home/satvara/Github/fsds-autonomous-driving/build/fsds_keyboard_teleop' returned '0': CMAKE_PREFIX_PATH=${CMAKE_PREFIX_PATH}:/opt/ros/humble DEBUGINFOD_URLS=https://debuginfod.archlinux.org /usr/bin/cmake --install /home/satvara/Github/fsds-autonomous-driving/build/fsds_keyboard_teleop
