[0.165s] DEBUG:colcon:Command line arguments: ['/usr/bin/colcon', 'build', '--base-paths', 'cpp/fsds_keyboard_teleop', '--symlink-install']
[0.165s] DEBUG:colcon:Parsed command line arguments: Namespace(log_base=None, log_level=None, verb_name='build', build_base='build', install_base='install', merge_install=False, symlink_install=True, test_result_base=None, continue_on_error=False, executor='parallel', parallel_workers=16, event_handlers=None, ignore_user_meta=False, metas=['./colcon.meta'], base_paths=['cpp/fsds_keyboard_teleop'], packages_ignore=None, packages_ignore_regex=None, paths=None, packages_up_to=None, packages_up_to_regex=None, packages_above=None, packages_above_and_dependencies=None, packages_above_depth=None, packages_select_by_dep=None, packages_skip_by_dep=None, packages_skip_up_to=None, packages_select_build_failed=False, packages_skip_build_finished=False, packages_select_test_failures=False, packages_skip_test_passed=False, packages_select=None, packages_skip=None, packages_select_regex=None, packages_skip_regex=None, packages_start=None, packages_end=None, allow_overriding=[], cmake_args=None, cmake_target=None, cmake_target_skip_unavailable=False, cmake_clean_cache=False, cmake_clean_first=False, cmake_force_configure=False, ament_cmake_args=None, catkin_cmake_args=None, catkin_skip_building_tests=False, mixin_files=None, mixin=None, verb_parser=<colcon_mixin.mixin.mixin_argument.MixinArgumentDecorator object at 0x7f91679c2ad0>, verb_extension=<colcon_core.verb.build.BuildVerb object at 0x7f91679c2620>, main=<bound method BuildVerb.main of <colcon_core.verb.build.BuildVerb object at 0x7f91679c2620>>, mixin_verb=('build',))
[0.563s] Level 1:colcon.colcon_core.package_discovery:discover_packages(colcon_meta) check parameters
[0.563s] Level 1:colcon.colcon_core.package_discovery:discover_packages(recursive) check parameters
[0.563s] Level 1:colcon.colcon_core.package_discovery:discover_packages(ignore) check parameters
[0.563s] Level 1:colcon.colcon_core.package_discovery:discover_packages(path) check parameters
[0.563s] Level 1:colcon.colcon_core.package_discovery:discover_packages(recursive) discover
[0.563s] INFO:colcon.colcon_core.package_discovery:Crawling recursively for packages in '/home/satvara/Github/fsds-autonomous-driving/cpp/fsds_keyboard_teleop'
[0.563s] Level 1:colcon.colcon_core.package_identification:_identify(cpp/fsds_keyboard_teleop) by extensions ['ignore', 'ignore_ament_install']
[0.563s] Level 1:colcon.colcon_core.package_identification:_identify(cpp/fsds_keyboard_teleop) by extension 'ignore'
[0.564s] Level 1:colcon.colcon_core.package_identification:_identify(cpp/fsds_keyboard_teleop) by extension 'ignore_ament_install'
[0.564s] Level 1:colcon.colcon_core.package_identification:_identify(cpp/fsds_keyboard_teleop) by extensions ['colcon_pkg']
[0.564s] Level 1:colcon.colcon_core.package_identification:_identify(cpp/fsds_keyboard_teleop) by extension 'colcon_pkg'
[0.564s] Level 1:colcon.colcon_core.package_identification:_identify(cpp/fsds_keyboard_teleop) by extensions ['colcon_meta']
[0.564s] Level 1:colcon.colcon_core.package_identification:_identify(cpp/fsds_keyboard_teleop) by extension 'colcon_meta'
[0.564s] Level 1:colcon.colcon_core.package_identification:_identify(cpp/fsds_keyboard_teleop) by extensions ['ros']
[0.564s] Level 1:colcon.colcon_core.package_identification:_identify(cpp/fsds_keyboard_teleop) by extension 'ros'
[0.587s] DEBUG:colcon.colcon_core.package_identification:Package 'cpp/fsds_keyboard_teleop' with type 'ros.ament_cmake' and name 'fsds_keyboard_teleop'
[0.587s] Level 1:colcon.colcon_core.package_discovery:discover_packages(recursive) using defaults
[0.634s] Level 1:colcon.colcon_core.package_discovery:discover_packages(prefix_path) check parameters
[0.634s] Level 1:colcon.colcon_core.package_discovery:discover_packages(prefix_path) discover
[0.640s] DEBUG:colcon.colcon_installed_package_information.package_discovery:Found 2 installed packages in /home/satvara/Github/Autonomous-kart-Sim/FSDS/ros2/install
[0.642s] DEBUG:colcon.colcon_installed_package_information.package_discovery:Found 428 installed packages in /opt/ros/humble
[0.644s] Level 1:colcon.colcon_core.package_discovery:discover_packages(prefix_path) using defaults
[0.708s] Level 5:colcon.colcon_core.verb:set package 'fsds_keyboard_teleop' build argument 'cmake_args' from command line to 'None'
[0.708s] Level 5:colcon.colcon_core.verb:set package 'fsds_keyboard_teleop' build argument 'cmake_target' from command line to 'None'
[0.708s] Level 5:colcon.colcon_core.verb:set package 'fsds_keyboard_teleop' build argument 'cmake_target_skip_unavailable' from command line to 'False'
[0.708s] Level 5:colcon.colcon_core.verb:set package 'fsds_keyboard_teleop' build argument 'cmake_clean_cache' from command line to 'False'
[0.708s] Level 5:colcon.colcon_core.verb:set package 'fsds_keyboard_teleop' build argument 'cmake_clean_first' from command line to 'False'
[0.708s] Level 5:colcon.colcon_core.verb:set package 'fsds_keyboard_teleop' build argument 'cmake_force_configure' from command line to 'False'
[0.708s] Level 5:colcon.colcon_core.verb:set package 'fsds_keyboard_teleop' build argument 'ament_cmake_args' from command line to 'None'
[0.708s] Level 5:colcon.colcon_core.verb:set package 'fsds_keyboard_teleop' build argument 'catkin_cmake_args' from command line to 'None'
[0.708s] Level 5:colcon.colcon_core.verb:set package 'fsds_keyboard_teleop' build argument 'catkin_skip_building_tests' from command line to 'False'
[0.708s] DEBUG:colcon.colcon_core.verb:Building package 'fsds_keyboard_teleop' with the following arguments: {'ament_cmake_args': None, 'build_base': '/home/satvara/Github/fsds-autonomous-driving/build/fsds_keyboard_teleop', 'catkin_cmake_args': None, 'catkin_skip_building_tests': False, 'cmake_args': None, 'cmake_clean_cache': False, 'cmake_clean_first': False, 'cmake_force_configure': False, 'cmake_target': None, 'cmake_target_skip_unavailable': False, 'install_base': '/home/satvara/Github/fsds-autonomous-driving/install/fsds_keyboard_teleop', 'merge_install': False, 'path': '/home/satvara/Github/fsds-autonomous-driving/cpp/fsds_keyboard_teleop', 'symlink_install': True, 'test_result_base': None}
[0.708s] INFO:colcon.colcon_core.executor:Executing jobs using 'parallel' executor
[0.710s] DEBUG:colcon.colcon_parallel_executor.executor.parallel:run_until_complete
[0.710s] INFO:colcon.colcon_ros.task.ament_cmake.build:Building ROS package in '/home/satvara/Github/fsds-autonomous-driving/cpp/fsds_keyboard_teleop' with build type 'ament_cmake'
[0.710s] INFO:colcon.colcon_cmake.task.cmake.build:Building CMake package in '/home/satvara/Github/fsds-autonomous-driving/cpp/fsds_keyboard_teleop'
[0.729s] INFO:colcon.colcon_core.plugin_system:Skipping extension 'colcon_core.shell.bat': Not used on non-Windows systems
[0.730s] INFO:colcon.colcon_core.shell:Skip shell extension 'powershell' for command environment: Not usable outside of PowerShell
[0.730s] DEBUG:colcon.colcon_core.shell:Skip shell extension 'dsv' for command environment
[0.741s] DEBUG:colcon.colcon_core.event_handler.log_command:Invoking command in '/home/satvara/Github/fsds-autonomous-driving/build/fsds_keyboard_teleop': CMAKE_PREFIX_PATH=${CMAKE_PREFIX_PATH}:/opt/ros/humble DEBUGINFOD_URLS=https://debuginfod.archlinux.org /usr/bin/cmake --build /home/satvara/Github/fsds-autonomous-driving/build/fsds_keyboard_teleop -- -j16 -l16
[0.822s] DEBUG:colcon.colcon_core.event_handler.log_command:Invoked command in '/home/satvara/Github/fsds-autonomous-driving/build/fsds_keyboard_teleop' returned '0': CMAKE_PREFIX_PATH=${CMAKE_PREFIX_PATH}:/opt/ros/humble DEBUGINFOD_URLS=https://debuginfod.archlinux.org /usr/bin/cmake --build /home/satvara/Github/fsds-autonomous-driving/build/fsds_keyboard_teleop -- -j16 -l16
[0.832s] DEBUG:colcon.colcon_core.event_handler.log_command:Invoking command in '/home/satvara/Github/fsds-autonomous-driving/build/fsds_keyboard_teleop': CMAKE_PREFIX_PATH=${CMAKE_PREFIX_PATH}:/opt/ros/humble DEBUGINFOD_URLS=https://debuginfod.archlinux.org /usr/bin/cmake --install /home/satvara/Github/fsds-autonomous-driving/build/fsds_keyboard_teleop
[0.852s] Level 1:colcon.colcon_core.environment:create_environment_scripts_only(fsds_keyboard_teleop)
[0.852s] DEBUG:colcon.colcon_core.event_handler.log_command:Invoked command in '/home/satvara/Github/fsds-autonomous-driving/build/fsds_keyboard_teleop' returned '0': CMAKE_PREFIX_PATH=${CMAKE_PREFIX_PATH}:/opt/ros/humble DEBUGINFOD_URLS=https://debuginfod.archlinux.org /usr/bin/cmake --install /home/satvara/Github/fsds-autonomous-driving/build/fsds_keyboard_teleop
[0.858s] Level 1:colcon.colcon_core.environment:checking '/home/satvara/Github/fsds-autonomous-driving/install/fsds_keyboard_teleop' for CMake module files
[0.858s] Level 1:colcon.colcon_core.environment:checking '/home/satvara/Github/fsds-autonomous-driving/install/fsds_keyboard_teleop' for CMake config files
[0.858s] Level 1:colcon.colcon_core.shell:create_environment_hook('fsds_keyboard_teleop', 'cmake_prefix_path')
[0.859s] INFO:colcon.colcon_core.shell:Creating environment hook '/home/satvara/Github/fsds-autonomous-driving/install/fsds_keyboard_teleop/share/fsds_keyboard_teleop/hook/cmake_prefix_path.ps1'
[0.860s] INFO:colcon.colcon_core.shell:Creating environment descriptor '/home/satvara/Github/fsds-autonomous-driving/install/fsds_keyboard_teleop/share/fsds_keyboard_teleop/hook/cmake_prefix_path.dsv'
[0.861s] INFO:colcon.colcon_core.shell:Creating environment hook '/home/satvara/Github/fsds-autonomous-driving/install/fsds_keyboard_teleop/share/fsds_keyboard_teleop/hook/cmake_prefix_path.sh'
[0.863s] Level 1:colcon.colcon_core.environment:checking '/home/satvara/Github/fsds-autonomous-driving/install/fsds_keyboard_teleop/lib'
[0.863s] Level 1:colcon.colcon_core.environment:checking '/home/satvara/Github/fsds-autonomous-driving/install/fsds_keyboard_teleop/bin'
[0.863s] Level 1:colcon.colcon_core.environment:checking '/home/satvara/Github/fsds-autonomous-driving/install/fsds_keyboard_teleop/lib/pkgconfig/fsds_keyboard_teleop.pc'
[0.863s] Level 1:colcon.colcon_core.environment:checking '/home/satvara/Github/fsds-autonomous-driving/install/fsds_keyboard_teleop/lib/python3.10/site-packages'
[0.863s] Level 1:colcon.colcon_core.environment:checking '/home/satvara/Github/fsds-autonomous-driving/install/fsds_keyboard_teleop/bin'
[0.864s] INFO:colcon.colcon_core.shell:Creating package script '/home/satvara/Github/fsds-autonomous-driving/install/fsds_keyboard_teleop/share/fsds_keyboard_teleop/package.ps1'
[0.865s] INFO:colcon.colcon_core.shell:Creating package descriptor '/home/satvara/Github/fsds-autonomous-driving/install/fsds_keyboard_teleop/share/fsds_keyboard_teleop/package.dsv'
[0.867s] INFO:colcon.colcon_core.shell:Creating package script '/home/satvara/Github/fsds-autonomous-driving/install/fsds_keyboard_teleop/share/fsds_keyboard_teleop/package.sh'
[0.868s] INFO:colcon.colcon_core.shell:Creating package script '/home/satvara/Github/fsds-autonomous-driving/install/fsds_keyboard_teleop/share/fsds_keyboard_teleop/package.bash'
[0.869s] INFO:colcon.colcon_core.shell:Creating package script '/home/satvara/Github/fsds-autonomous-driving/install/fsds_keyboard_teleop/share/fsds_keyboard_teleop/package.zsh'
[0.870s] Level 1:colcon.colcon_core.environment:create_file_with_runtime_dependencies(/home/satvara/Github/fsds-autonomous-driving/install/fsds_keyboard_teleop/share/colcon-core/packages/fsds_keyboard_teleop)
[0.871s] Level 1:colcon.colcon_core.environment:create_environment_scripts_only(fsds_keyboard_teleop)
[0.871s] Level 1:colcon.colcon_core.environment:checking '/home/satvara/Github/fsds-autonomous-driving/install/fsds_keyboard_teleop' for CMake module files
[0.872s] Level 1:colcon.colcon_core.environment:checking '/home/satvara/Github/fsds-autonomous-driving/install/fsds_keyboard_teleop' for CMake config files
[0.872s] Level 1:colcon.colcon_core.shell:create_environment_hook('fsds_keyboard_teleop', 'cmake_prefix_path')
[0.872s] INFO:colcon.colcon_core.shell:Creating environment hook '/home/satvara/Github/fsds-autonomous-driving/install/fsds_keyboard_teleop/share/fsds_keyboard_teleop/hook/cmake_prefix_path.ps1'
[0.873s] INFO:colcon.colcon_core.shell:Creating environment descriptor '/home/satvara/Github/fsds-autonomous-driving/install/fsds_keyboard_teleop/share/fsds_keyboard_teleop/hook/cmake_prefix_path.dsv'
[0.873s] INFO:colcon.colcon_core.shell:Creating environment hook '/home/satvara/Github/fsds-autonomous-driving/install/fsds_keyboard_teleop/share/fsds_keyboard_teleop/hook/cmake_prefix_path.sh'
[0.874s] Level 1:colcon.colcon_core.environment:checking '/home/satvara/Github/fsds-autonomous-driving/install/fsds_keyboard_teleop/lib'
[0.874s] Level 1:colcon.colcon_core.environment:checking '/home/satvara/Github/fsds-autonomous-driving/install/fsds_keyboard_teleop/bin'
[0.874s] Level 1:colcon.colcon_core.environment:checking '/home/satvara/Github/fsds-autonomous-driving/install/fsds_keyboard_teleop/lib/pkgconfig/fsds_keyboard_teleop.pc'
[0.874s] Level 1:colcon.colcon_core.environment:checking '/home/satvara/Github/fsds-autonomous-driving/install/fsds_keyboard_teleop/lib/python3.10/site-packages'
[0.874s] Level 1:colcon.colcon_core.environment:checking '/home/satvara/Github/fsds-autonomous-driving/install/fsds_keyboard_teleop/bin'
[0.875s] INFO:colcon.colcon_core.shell:Creating package script '/home/satvara/Github/fsds-autonomous-driving/install/fsds_keyboard_teleop/share/fsds_keyboard_teleop/package.ps1'
[0.875s] INFO:colcon.colcon_core.shell:Creating package descriptor '/home/satvara/Github/fsds-autonomous-driving/install/fsds_keyboard_teleop/share/fsds_keyboard_teleop/package.dsv'
[0.876s] INFO:colcon.colcon_core.shell:Creating package script '/home/satvara/Github/fsds-autonomous-driving/install/fsds_keyboard_teleop/share/fsds_keyboard_teleop/package.sh'
[0.876s] INFO:colcon.colcon_core.shell:Creating package script '/home/satvara/Github/fsds-autonomous-driving/install/fsds_keyboard_teleop/share/fsds_keyboard_teleop/package.bash'
[0.877s] INFO:colcon.colcon_core.shell:Creating package script '/home/satvara/Github/fsds-autonomous-driving/install/fsds_keyboard_teleop/share/fsds_keyboard_teleop/package.zsh'
[0.877s] Level 1:colcon.colcon_core.environment:create_file_with_runtime_dependencies(/home/satvara/Github/fsds-autonomous-driving/install/fsds_keyboard_teleop/share/colcon-core/packages/fsds_keyboard_teleop)
[0.877s] DEBUG:colcon.colcon_parallel_executor.executor.parallel:closing loop
[0.878s] DEBUG:colcon.colcon_parallel_executor.executor.parallel:loop closed
[0.878s] DEBUG:colcon.colcon_parallel_executor.executor.parallel:run_until_complete finished with '0'
[0.878s] DEBUG:colcon.colcon_core.event_reactor:joining thread
[0.889s] INFO:colcon.colcon_core.plugin_system:Skipping extension 'colcon_notification.desktop_notification.notify_send': Could not find 'notify-send'
[0.889s] INFO:colcon.colcon_core.plugin_system:Skipping extension 'colcon_notification.desktop_notification.terminal_notifier': Not used on non-Darwin systems
[0.889s] INFO:colcon.colcon_core.plugin_system:Skipping extension 'colcon_notification.desktop_notification.win32': Not used on non-Windows systems
[0.889s] INFO:colcon.colcon_notification.desktop_notification:Sending desktop notification using 'notify2'
[0.908s] DEBUG:colcon.colcon_core.event_reactor:joined thread
[0.908s] INFO:colcon.colcon_core.shell:Creating prefix script '/home/satvara/Github/fsds-autonomous-driving/install/local_setup.ps1'
[0.910s] INFO:colcon.colcon_core.shell:Creating prefix util module '/home/satvara/Github/fsds-autonomous-driving/install/_local_setup_util_ps1.py'
[0.913s] INFO:colcon.colcon_core.shell:Creating prefix chain script '/home/satvara/Github/fsds-autonomous-driving/install/setup.ps1'
[0.915s] INFO:colcon.colcon_core.shell:Creating prefix script '/home/satvara/Github/fsds-autonomous-driving/install/local_setup.sh'
[0.916s] INFO:colcon.colcon_core.shell:Creating prefix util module '/home/satvara/Github/fsds-autonomous-driving/install/_local_setup_util_sh.py'
[0.917s] INFO:colcon.colcon_core.shell:Creating prefix chain script '/home/satvara/Github/fsds-autonomous-driving/install/setup.sh'
[0.919s] INFO:colcon.colcon_core.shell:Creating prefix script '/home/satvara/Github/fsds-autonomous-driving/install/local_setup.bash'
[0.921s] INFO:colcon.colcon_core.shell:Creating prefix chain script '/home/satvara/Github/fsds-autonomous-driving/install/setup.bash'
[0.923s] INFO:colcon.colcon_core.shell:Creating prefix script '/home/satvara/Github/fsds-autonomous-driving/install/local_setup.zsh'
[0.924s] INFO:colcon.colcon_core.shell:Creating prefix chain script '/home/satvara/Github/fsds-autonomous-driving/install/setup.zsh'
