[35m[1mConsolidate compiler generated dependencies of target keyboard_teleop[0m
[100%] Built target keyboard_teleop
-- Install configuration: ""
-- Execute custom install script
-- Up-to-date symlink: /home/satvara/Github/fsds-autonomous-driving/install/fsds_keyboard_teleop/lib/fsds_keyboard_teleop/keyboard_teleop
-- Up-to-date symlink: /home/satvara/Github/fsds-autonomous-driving/install/fsds_keyboard_teleop/share/fsds_keyboard_teleop/README.md
-- Up-to-date symlink: /home/satvara/Github/fsds-autonomous-driving/install/fsds_keyboard_teleop/share/ament_index/resource_index/package_run_dependencies/fsds_keyboard_teleop
-- Up-to-date symlink: /home/satvara/Github/fsds-autonomous-driving/install/fsds_keyboard_teleop/share/ament_index/resource_index/parent_prefix_path/fsds_keyboard_teleop
-- Up-to-date symlink: /home/satvara/Github/fsds-autonomous-driving/install/fsds_keyboard_teleop/share/fsds_keyboard_teleop/environment/ament_prefix_path.sh
-- Up-to-date symlink: /home/satvara/Github/fsds-autonomous-driving/install/fsds_keyboard_teleop/share/fsds_keyboard_teleop/environment/ament_prefix_path.dsv
-- Up-to-date symlink: /home/satvara/Github/fsds-autonomous-driving/install/fsds_keyboard_teleop/share/fsds_keyboard_teleop/environment/path.sh
-- Up-to-date symlink: /home/satvara/Github/fsds-autonomous-driving/install/fsds_keyboard_teleop/share/fsds_keyboard_teleop/environment/path.dsv
-- Up-to-date symlink: /home/satvara/Github/fsds-autonomous-driving/install/fsds_keyboard_teleop/share/fsds_keyboard_teleop/local_setup.bash
-- Up-to-date symlink: /home/satvara/Github/fsds-autonomous-driving/install/fsds_keyboard_teleop/share/fsds_keyboard_teleop/local_setup.sh
-- Up-to-date symlink: /home/satvara/Github/fsds-autonomous-driving/install/fsds_keyboard_teleop/share/fsds_keyboard_teleop/local_setup.zsh
-- Up-to-date symlink: /home/satvara/Github/fsds-autonomous-driving/install/fsds_keyboard_teleop/share/fsds_keyboard_teleop/local_setup.dsv
-- Symlinking: /home/satvara/Github/fsds-autonomous-driving/install/fsds_keyboard_teleop/share/fsds_keyboard_teleop/package.dsv
-- Up-to-date symlink: /home/satvara/Github/fsds-autonomous-driving/install/fsds_keyboard_teleop/share/ament_index/resource_index/packages/fsds_keyboard_teleop
-- Up-to-date symlink: /home/satvara/Github/fsds-autonomous-driving/install/fsds_keyboard_teleop/share/fsds_keyboard_teleop/cmake/fsds_keyboard_teleopConfig.cmake
-- Up-to-date symlink: /home/satvara/Github/fsds-autonomous-driving/install/fsds_keyboard_teleop/share/fsds_keyboard_teleop/cmake/fsds_keyboard_teleopConfig-version.cmake
-- Up-to-date symlink: /home/satvara/Github/fsds-autonomous-driving/install/fsds_keyboard_teleop/share/fsds_keyboard_teleop/package.xml
