[0.030s] Invoking command in '/home/satvara/Github/fsds-autonomous-driving/build/fsds_keyboard_teleop': CMAKE_PREFIX_PATH=${CMAKE_PREFIX_PATH}:/opt/ros/humble DEBUGINFOD_URLS=https://debuginfod.archlinux.org /usr/bin/cmake --build /home/satvara/Github/fsds-autonomous-driving/build/fsds_keyboard_teleop -- -j16 -l16
[0.082s] [35m[1mConsolidate compiler generated dependencies of target keyboard_teleop[0m
[0.100s] [100%] Built target keyboard_teleop
[0.111s] Invoked command in '/home/satvara/Github/fsds-autonomous-driving/build/fsds_keyboard_teleop' returned '0': CMAKE_PREFIX_PATH=${CMAKE_PREFIX_PATH}:/opt/ros/humble DEBUGINFOD_URLS=https://debuginfod.archlinux.org /usr/bin/cmake --build /home/satvara/Github/fsds-autonomous-driving/build/fsds_keyboard_teleop -- -j16 -l16
[0.122s] Invoking command in '/home/satvara/Github/fsds-autonomous-driving/build/fsds_keyboard_teleop': CMAKE_PREFIX_PATH=${CMAKE_PREFIX_PATH}:/opt/ros/humble DEBUGINFOD_URLS=https://debuginfod.archlinux.org /usr/bin/cmake --install /home/satvara/Github/fsds-autonomous-driving/build/fsds_keyboard_teleop
[0.129s] -- Install configuration: ""
[0.129s] -- Execute custom install script
[0.130s] -- Up-to-date symlink: /home/satvara/Github/fsds-autonomous-driving/install/fsds_keyboard_teleop/lib/fsds_keyboard_teleop/keyboard_teleop
[0.130s] -- Up-to-date symlink: /home/satvara/Github/fsds-autonomous-driving/install/fsds_keyboard_teleop/share/fsds_keyboard_teleop/README.md
[0.130s] -- Up-to-date symlink: /home/satvara/Github/fsds-autonomous-driving/install/fsds_keyboard_teleop/share/ament_index/resource_index/package_run_dependencies/fsds_keyboard_teleop
[0.130s] -- Up-to-date symlink: /home/satvara/Github/fsds-autonomous-driving/install/fsds_keyboard_teleop/share/ament_index/resource_index/parent_prefix_path/fsds_keyboard_teleop
[0.130s] -- Up-to-date symlink: /home/satvara/Github/fsds-autonomous-driving/install/fsds_keyboard_teleop/share/fsds_keyboard_teleop/environment/ament_prefix_path.sh
[0.130s] -- Up-to-date symlink: /home/satvara/Github/fsds-autonomous-driving/install/fsds_keyboard_teleop/share/fsds_keyboard_teleop/environment/ament_prefix_path.dsv
[0.131s] -- Up-to-date symlink: /home/satvara/Github/fsds-autonomous-driving/install/fsds_keyboard_teleop/share/fsds_keyboard_teleop/environment/path.sh
[0.131s] -- Up-to-date symlink: /home/satvara/Github/fsds-autonomous-driving/install/fsds_keyboard_teleop/share/fsds_keyboard_teleop/environment/path.dsv
[0.131s] -- Up-to-date symlink: /home/satvara/Github/fsds-autonomous-driving/install/fsds_keyboard_teleop/share/fsds_keyboard_teleop/local_setup.bash
[0.131s] -- Up-to-date symlink: /home/satvara/Github/fsds-autonomous-driving/install/fsds_keyboard_teleop/share/fsds_keyboard_teleop/local_setup.sh
[0.131s] -- Up-to-date symlink: /home/satvara/Github/fsds-autonomous-driving/install/fsds_keyboard_teleop/share/fsds_keyboard_teleop/local_setup.zsh
[0.131s] -- Up-to-date symlink: /home/satvara/Github/fsds-autonomous-driving/install/fsds_keyboard_teleop/share/fsds_keyboard_teleop/local_setup.dsv
[0.131s] -- Symlinking: /home/satvara/Github/fsds-autonomous-driving/install/fsds_keyboard_teleop/share/fsds_keyboard_teleop/package.dsv
[0.140s] -- Up-to-date symlink: /home/satvara/Github/fsds-autonomous-driving/install/fsds_keyboard_teleop/share/ament_index/resource_index/packages/fsds_keyboard_teleop
[0.140s] -- Up-to-date symlink: /home/satvara/Github/fsds-autonomous-driving/install/fsds_keyboard_teleop/share/fsds_keyboard_teleop/cmake/fsds_keyboard_teleopConfig.cmake
[0.140s] -- Up-to-date symlink: /home/satvara/Github/fsds-autonomous-driving/install/fsds_keyboard_teleop/share/fsds_keyboard_teleop/cmake/fsds_keyboard_teleopConfig-version.cmake
[0.140s] -- Up-to-date symlink: /home/satvara/Github/fsds-autonomous-driving/install/fsds_keyboard_teleop/share/fsds_keyboard_teleop/package.xml
[0.142s] Invoked command in '/home/satvara/Github/fsds-autonomous-driving/build/fsds_keyboard_teleop' returned '0': CMAKE_PREFIX_PATH=${CMAKE_PREFIX_PATH}:/opt/ros/humble DEBUGINFOD_URLS=https://debuginfod.archlinux.org /usr/bin/cmake --install /home/satvara/Github/fsds-autonomous-driving/build/fsds_keyboard_teleop
