running develop
running egg_info
writing autonomous_driving.egg-info/PKG-INFO
writing dependency_links to autonomous_driving.egg-info/dependency_links.txt
writing entry points to autonomous_driving.egg-info/entry_points.txt
writing requirements to autonomous_driving.egg-info/requires.txt
writing top-level names to autonomous_driving.egg-info/top_level.txt
reading manifest file 'autonomous_driving.egg-info/SOURCES.txt'
writing manifest file 'autonomous_driving.egg-info/SOURCES.txt'
running build_ext
Creating /workspace/ros2_ws/src/autonomous_driving/install/autonomous_driving/lib/python3.10/site-packages/autonomous-driving.egg-link (link to .)
Installing cone_follower script to /workspace/ros2_ws/src/autonomous_driving/install/autonomous_driving/lib/autonomous_driving
Installing fsds_state_estimator script to /workspace/ros2_ws/src/autonomous_driving/install/autonomous_driving/lib/autonomous_driving
Installing keyboard_controller script to /workspace/ros2_ws/src/autonomous_driving/install/autonomous_driving/lib/autonomous_driving
Installing lidar_cone_detector script to /workspace/ros2_ws/src/autonomous_driving/install/autonomous_driving/lib/autonomous_driving
Installing odom_publisher script to /workspace/ros2_ws/src/autonomous_driving/install/autonomous_driving/lib/autonomous_driving
Installing scan_republisher script to /workspace/ros2_ws/src/autonomous_driving/install/autonomous_driving/lib/autonomous_driving
Installing slam script to /workspace/ros2_ws/src/autonomous_driving/install/autonomous_driving/lib/autonomous_driving
Installing slam_map_publisher script to /workspace/ros2_ws/src/autonomous_driving/install/autonomous_driving/lib/autonomous_driving
Installing slam_node script to /workspace/ros2_ws/src/autonomous_driving/install/autonomous_driving/lib/autonomous_driving
Installing waypoint_follower script to /workspace/ros2_ws/src/autonomous_driving/install/autonomous_driving/lib/autonomous_driving
Installing waypoint_recorder_perfect script to /workspace/ros2_ws/src/autonomous_driving/install/autonomous_driving/lib/autonomous_driving

Installed /workspace/ros2_ws/src/autonomous_driving/build/autonomous_driving
running symlink_data
creating /workspace/ros2_ws/src/autonomous_driving/install/autonomous_driving/share/autonomous_driving/launch
symbolically linking /workspace/ros2_ws/src/autonomous_driving/build/autonomous_driving/launch/mcl_slam.launch.py -> /workspace/ros2_ws/src/autonomous_driving/install/autonomous_driving/share/autonomous_driving/launch
symbolically linking /workspace/ros2_ws/src/autonomous_driving/build/autonomous_driving/launch/mcl_slam_complete.launch.py -> /workspace/ros2_ws/src/autonomous_driving/install/autonomous_driving/share/autonomous_driving/launch
symbolically linking /workspace/ros2_ws/src/autonomous_driving/build/autonomous_driving/launch/hector_slam.launch.py -> /workspace/ros2_ws/src/autonomous_driving/install/autonomous_driving/share/autonomous_driving/launch
symbolically linking /workspace/ros2_ws/src/autonomous_driving/build/autonomous_driving/launch/slam_toolbox_fsds.launch.py -> /workspace/ros2_ws/src/autonomous_driving/install/autonomous_driving/share/autonomous_driving/launch
creating /workspace/ros2_ws/src/autonomous_driving/install/autonomous_driving/share/autonomous_driving/config
symbolically linking /workspace/ros2_ws/src/autonomous_driving/build/autonomous_driving/config/hector_mapping.yaml -> /workspace/ros2_ws/src/autonomous_driving/install/autonomous_driving/share/autonomous_driving/config
symbolically linking /workspace/ros2_ws/src/autonomous_driving/build/autonomous_driving/config/slam_toolbox_fsds.yaml -> /workspace/ros2_ws/src/autonomous_driving/install/autonomous_driving/share/autonomous_driving/config
