[1.026s] Invoking command in '/workspace/ros2_ws/src/autonomous_driving/build/autonomous_driving': PYTHONPATH=/workspace/ros2_ws/src/autonomous_driving/build/autonomous_driving/prefix_override:/usr/lib/python3/dist-packages/colcon_core/task/python/colcon_distutils_commands:/workspace/ros2_ws/src/autonomous_driving/install/autonomous_driving/lib/python3.10/site-packages:${PYTHONPATH} /usr/bin/python3 -W ignore:setup.py install is deprecated -W ignore:easy_install command is deprecated setup.py develop --editable --build-directory /workspace/ros2_ws/src/autonomous_driving/build/autonomous_driving/build --no-deps symlink_data
[1.513s] running develop
[1.748s] running egg_info
[1.748s] writing autonomous_driving.egg-info/PKG-INFO
[1.749s] writing dependency_links to autonomous_driving.egg-info/dependency_links.txt
[1.749s] writing entry points to autonomous_driving.egg-info/entry_points.txt
[1.749s] writing requirements to autonomous_driving.egg-info/requires.txt
[1.749s] writing top-level names to autonomous_driving.egg-info/top_level.txt
[1.753s] reading manifest file 'autonomous_driving.egg-info/SOURCES.txt'
[1.754s] writing manifest file 'autonomous_driving.egg-info/SOURCES.txt'
[1.758s] running build_ext
[1.758s] Creating /workspace/ros2_ws/src/autonomous_driving/install/autonomous_driving/lib/python3.10/site-packages/autonomous-driving.egg-link (link to .)
[1.760s] Installing cone_follower script to /workspace/ros2_ws/src/autonomous_driving/install/autonomous_driving/lib/autonomous_driving
[1.760s] Installing fsds_state_estimator script to /workspace/ros2_ws/src/autonomous_driving/install/autonomous_driving/lib/autonomous_driving
[1.760s] Installing keyboard_controller script to /workspace/ros2_ws/src/autonomous_driving/install/autonomous_driving/lib/autonomous_driving
[1.760s] Installing lidar_cone_detector script to /workspace/ros2_ws/src/autonomous_driving/install/autonomous_driving/lib/autonomous_driving
[1.760s] Installing odom_publisher script to /workspace/ros2_ws/src/autonomous_driving/install/autonomous_driving/lib/autonomous_driving
[1.761s] Installing scan_republisher script to /workspace/ros2_ws/src/autonomous_driving/install/autonomous_driving/lib/autonomous_driving
[1.761s] Installing slam script to /workspace/ros2_ws/src/autonomous_driving/install/autonomous_driving/lib/autonomous_driving
[1.761s] Installing slam_map_publisher script to /workspace/ros2_ws/src/autonomous_driving/install/autonomous_driving/lib/autonomous_driving
[1.761s] Installing slam_node script to /workspace/ros2_ws/src/autonomous_driving/install/autonomous_driving/lib/autonomous_driving
[1.761s] Installing waypoint_follower script to /workspace/ros2_ws/src/autonomous_driving/install/autonomous_driving/lib/autonomous_driving
[1.761s] Installing waypoint_recorder_perfect script to /workspace/ros2_ws/src/autonomous_driving/install/autonomous_driving/lib/autonomous_driving
[1.761s] 
[1.761s] Installed /workspace/ros2_ws/src/autonomous_driving/build/autonomous_driving
[1.762s] running symlink_data
[1.762s] creating /workspace/ros2_ws/src/autonomous_driving/install/autonomous_driving/share/autonomous_driving/launch
[1.762s] symbolically linking /workspace/ros2_ws/src/autonomous_driving/build/autonomous_driving/launch/mcl_slam.launch.py -> /workspace/ros2_ws/src/autonomous_driving/install/autonomous_driving/share/autonomous_driving/launch
[1.762s] symbolically linking /workspace/ros2_ws/src/autonomous_driving/build/autonomous_driving/launch/mcl_slam_complete.launch.py -> /workspace/ros2_ws/src/autonomous_driving/install/autonomous_driving/share/autonomous_driving/launch
[1.762s] symbolically linking /workspace/ros2_ws/src/autonomous_driving/build/autonomous_driving/launch/hector_slam.launch.py -> /workspace/ros2_ws/src/autonomous_driving/install/autonomous_driving/share/autonomous_driving/launch
[1.762s] symbolically linking /workspace/ros2_ws/src/autonomous_driving/build/autonomous_driving/launch/slam_toolbox_fsds.launch.py -> /workspace/ros2_ws/src/autonomous_driving/install/autonomous_driving/share/autonomous_driving/launch
[1.762s] creating /workspace/ros2_ws/src/autonomous_driving/install/autonomous_driving/share/autonomous_driving/config
[1.762s] symbolically linking /workspace/ros2_ws/src/autonomous_driving/build/autonomous_driving/config/hector_mapping.yaml -> /workspace/ros2_ws/src/autonomous_driving/install/autonomous_driving/share/autonomous_driving/config
[1.762s] symbolically linking /workspace/ros2_ws/src/autonomous_driving/build/autonomous_driving/config/slam_toolbox_fsds.yaml -> /workspace/ros2_ws/src/autonomous_driving/install/autonomous_driving/share/autonomous_driving/config
[1.806s] Invoked command in '/workspace/ros2_ws/src/autonomous_driving/build/autonomous_driving' returned '0': PYTHONPATH=/workspace/ros2_ws/src/autonomous_driving/build/autonomous_driving/prefix_override:/usr/lib/python3/dist-packages/colcon_core/task/python/colcon_distutils_commands:/workspace/ros2_ws/src/autonomous_driving/install/autonomous_driving/lib/python3.10/site-packages:${PYTHONPATH} /usr/bin/python3 -W ignore:setup.py install is deprecated -W ignore:easy_install command is deprecated setup.py develop --editable --build-directory /workspace/ros2_ws/src/autonomous_driving/build/autonomous_driving/build --no-deps symlink_data
